TAP version 13
# Subtest: global browsing across all ten surfaces never creates a contextual origin
ok 1 - global browsing across all ten surfaces never creates a contextual origin
  ---
  duration_ms: 3.1429
  type: 'test'
  ...
# Subtest: ordinary global round-trip then a new Verify investigation returns Verify, not earlier Save
ok 2 - ordinary global round-trip then a new Verify investigation returns Verify, not earlier Save
  ---
  duration_ms: 1.0685
  type: 'test'
  ...
# Subtest: Source to Evidence keeps the original selection despite deliberate selection at the destination
ok 3 - Source to Evidence keeps the original selection despite deliberate selection at the destination
  ---
  duration_ms: 0.8301
  type: 'test'
  ...
# Subtest: global arrival at the origin ends a detour without creating a reverse origin
ok 4 - global arrival at the origin ends a detour without creating a reverse origin
  ---
  duration_ms: 0.821
  type: 'test'
  ...
# Subtest: explicit return restores the surviving invoking control's focus
ok 5 - explicit return restores the surviving invoking control's focus
  ---
  duration_ms: 0.7297
  type: 'test'
  ...
# Subtest: same-view or unknown route does not create or replace a detour
ok 6 - same-view or unknown route does not create or replace a detour
  ---
  duration_ms: 2.3466
  type: 'test'
  ...
1..6
# tests 6
# suites 0
# pass 6
# fail 0
# cancelled 0
# skipped 0
# todo 0
# duration_ms 83.6751
